     1                                  [org 0x0000]
     2                                  
     3                                  start:
     4                                  
     5 00000000 B403                    mov ah, 3
     6 00000002 00E0                    add al, ah
     7                                  
     8 00000004 80C403                  add ah, 3
     9 00000007 00E0                    add al, ah
    10                                  
    11 00000009 80C403                  add ah, 3
    12 0000000C 00E0                    add al, ah
    13                                  
    14 0000000E 80C403                  add ah, 3
    15 00000011 00E0                    add al, ah
    16                                  
    17 00000013 80C403                  add ah, 3
    18 00000016 00E0                    add al, ah
    19                                  
    20 00000018 B8004C                  mov ax, 0x4c00
    21 0000001B CD21                    int 0x21
